// Jest Snapshot v1, https://goo.gl/fbAQLP

exports[`it tests the render Dashboard correctly 1`] = `
<div
  className="screen"
>
  <div
    className="top"
  >
    <p
      className="top-title"
    >
      Dashboard
    </p>
  </div>
  <form
    className="track-form"
    onSubmit={[Function]}
  >
    <p
      className="select-label"
    >
      Select Type:  
    </p>
    <select
      name="electrodomestic"
      onChange={[Function]}
    >
      <option
        value="pc_laptop"
      >
        pc_laptop
      </option>
      <option
        value="tv"
      >
        tv
      </option>
      <option
        value="videogames_console"
      >
        videogames_console
      </option>
      <option
        value="blueray"
      >
        blueray
      </option>
      <option
        value="pc_desktop"
      >
        pc_desktop
      </option>
    </select>
    <input
      name="day"
      onChange={[Function]}
      required={true}
      type="date"
      value=""
    />
    <input
      name="time_connected"
      onChange={[Function]}
      placeholder="Time"
      required={true}
      type="number"
      value={0}
    />
    <input
      name="watts"
      onChange={[Function]}
      placeholder="Watts"
      required={true}
      type="number"
      value={0}
    />
    <button
      type="submit"
    >
      Create
    </button>
  </form>
  <button
    className="logoutBtn"
    onClick={[Function]}
    type="button"
  >
    Logout
  </button>
  <div
    className="nav-div"
  >
    <a
      className="nav-link"
      href="/dashboard"
      onClick={[Function]}
    >
      Dashboard
    </a>
    <a
      className="nav-link"
      href="/tracks"
      onClick={[Function]}
    >
      Tracks
    </a>
    <a
      className="nav-link"
      href="/statistics"
      onClick={[Function]}
    >
      Statistics
    </a>
    <a
      className="nav-link"
      href="/more"
      onClick={[Function]}
    >
      More
    </a>
  </div>
</div>
`;
